// Jest Snapshot v1, https://goo.gl/fbAQLP

exports[`FreeTrial should match snapshot 1`] = `
<View
  style={
    {
      "alignItems": "center",
      "backgroundColor": "#FFF5F5",
      "borderColor": "#FF0000",
      "borderRadius": 8,
      "borderWidth": 2,
      "flexDirection": "row",
      "justifyContent": "space-between",
      "paddingHorizontal": 20,
      "paddingVertical": 13,
    }
  }
>
  <View>
    <Text
      style={
        {
          "color": "#717578",
          "fontFamily": "Inter-Medium",
          "fontSize": 12,
          "lineHeight": 16,
        }
      }
      testID="free-trial-light-title"
    >
      not sure yet ?
    </Text>
    <Text
      style={
        {
          "fontFamily": "Inter-Bold",
          "fontSize": 14,
          "lineHeight": 20,
        }
      }
      testID="free-trial-regular-title"
    >
      Enable Free Trial
    </Text>
  </View>
</View>
`;
